150 50
.....~#....~#.......#..#....#...#...#..#........~~.#......#~~~#.#....#~....~...~.~.....#...#....#~#.~..#.....#~.~#.........~......#.~...~.#...~.......
.......~........~~...............................##.....~...............~#..........~.~.....#~...................#..#........#~..~...#.#.....~.#......
.....#......~.....~.........#..........#.......#......#.........#....#....#........~..#......C........~...#..~~.....#.................~#.#..........#.
....~.~..~.....~....~.~...........~...#....#........#........~................................~.#.......#.#....~..~..#~.~..#............#~#......#....
~.........#.........#.........#....#@.~.........#...............~~~...#....#........~..............~#~.......#~......~~.~......~~.#............~......
..~......#.......~.~.~.....~.~.#..#........~#.#.#........~...~..~..#...#.~~.#...#.#.#.......#....~#......#~....#......~......~..~.#..~....#...~..~....
..#.~.......~...##...#.~..#...##...#..#....#...#~~..~..~...#...#........##.........#..#....#......~.......~....#.~.~.....~.......#.#...##.~#..~~#.#~..
...~.#...~..........#.#..~~#.#....#......#.............##.#~.......~#........~.~.~#....~.....#~..~..#...#..~....#...~.............#..#...~...~....#...
.......~.......#....#..#...~..#.~...................#~..#.#..#...#..#.#..#......#......#.............#..............~..#~.......~.~.......~.~.........
..~.....#..~.........~........#..~....#.....#.~..#~.~...#~...~...........~.#..~.....~.~.~.........~...#.....~....~~~....~.#~...............~..#..#.#~.
..............~.....~.~....~#...~.........~.....##...........~#...~...~...#............#....~.......~....~.~.....................#....#.~...~.~.......
#.............~##..~.#...~............#..~.....#.......##.#.~.~...~.......#.~.....~..~#.....~.#....#......~.###.#..#.#...............~.#...##..#.~....
....#~~..#.##.....~....#.......~.........~....~#~...~~..~......#...~...~.~..~.............#.........~.#....~......~.#........#.....~......#.~...##.#..
.#.......~~#.~..~~....#.........~.~......##..#~@......#....~.###.......~~#......#......~............~.~..........#..#.#.~~.........~.~~~..#...........
....~..#.#~..~.....~...........~.~....#~......#......~#.......###...~..............~....~.....#~#.............#..#..........................#~........
..............~...~....~~....~#....~..#...~..#...~#....#.....~...#~#.##~##.........~..~.#.....~..#...~..#..............~#..~.....#.....#.........~.#..
.........#~..........#..~#.............~..#....#........~..~....##.#......................#..~.........~..~...#....#~~....~.#.......#..~~..~....#.~.~.
..~....~.........#......~..~........#....#.......~....#~.........#..#..~......~.##~........~.~#....#.....~..##...#..........~~.~..~..#~...~......#....
..#...............#...~#...~..#..~......#.....#....~.........~~..........~...#....~...##.....##........~......~....~.#..#...............#.............
.~#...##...#............~~.~..#.....##.........~........~.....#.....#........#.....~~#....~...~...#......#~.~...~..............~.............#......~.
#....#...~.........#.........#~~..................~......#.~.~...#.~~#....~~~..~..#.~~...#..............@~~.......##..##..#...#.......~.~...##........
..~......~......#...~...............#.~......~......#.~.....#..#........#.....#..........~~..#.~~.............##~......~.....~.#...#..#........~..~...
~.#......#.#~#..~......#~.#......#......~......~~#......~..~..#..~#~......##...~..........~~~##.........#..~#.~.....~.#.#.....#...~.~......##.......~.
~...#..~..#......#....#.#......#.~.#.................#.#..~......~.~~..#.....~...~.#............#..#............@....~.......~.....##....~~.~#.##..#.#
..~#~..............#..##~..~..........#.........#...~.................~...~...~#....#.~~.#..#...............#...#...#..~.~...~..~....#....#.~.....#...
...#...~.@~...~..#.#..#..~#.....##.......~~~~..~.#..........#.....##..~....#....#.......~..#............~...~~.....~~.~.........~#...#....~...#~..##..
.~#.......~...#....#~.~.......#.....#.....~~#..............~......~~....#.##~..~....#..#.....~#.#~~.....~##.~.......#~~#.....#....#....~...#.....##.~.
.~...#~..................#........~...............#~.....#........#.~.#.~....~~..~..~#..~.......~..#....#.......#............#...#....#........#.##...
.....#................~#...~.~.~.~...........~.~...#........#.~#.........~......#.............~..~.......#~.~.~..~......~..#...#~.~.~.....##......#..#
.....~.....~....@..#...........~..##.......~.....~........##......~...~~..#...~.........................#~.....~...~.#~#.....#.....~.......~#....~....
..~..~......##...#~#.........#.~..~......~...~.#..........~~........~....##.#....~.......#.~..~.........~.....#...........##....~#...#.........##.....
...#...#.....~....~~#~.....~#......#.....#~..#....~~......#..............~.....~~.~...~.#...........#...~......#....#...................~..~......~.~.
.~....#........~......~~...~.....~...~#~#..#.##..........~.....~.~...##.#...........#~..#.~...#.......~..#................#.....#........~...~......#~
#.#........~~.#......~..........~..~.~#...~.....#.#....~.#.##.#.#.............#..#............~..~.~.....C..........#.~....#........~..........~...~..
..........#...#...#..~......###.....~.......~....~..~..........~........~....~......#.....~........~...#...#..~..#..#...#..#.....##........#..........
....#....~...............~....#...................~......#~....~.......#~.~..........~.~............#.....~.~......~...#...#.~..~...~.........#....~.#
.#.~..~#...~...........~.....#.#.....~......#...~..~....~......#..#.......~....~........~....~~....#.......~#~....~......#....~.#..#.......#..........
~#...#.~.#..#..~..........~..~..~#......~.....#..........~.......#....~....~.....~......#.....#.#...~#....#~.~.~#..........~.#.~#....~...#.........#~~
.#.....................#............##.#.#.~.......#......~...~...#.....~..~...#.#.~.#.....~....#...#.~......~.~~.~.....~.....#.~.#...................
.##........~.#.~#......#...#..#......~...~.#....~#..~...~...~....~~.##~......~..~....~#..~.........#..#...~....~.....#.#.#...................~....~#.#
#..#.......#..........#.#....##....................#......~....#.....~~.~...~.......~.#....~.....~.......~.......~..........@.~...~~..~..~....#~~....#
#...~...~........#....~......~..................#.....#.#..#.#......#.......#....~.....~..........~.##....~.........~~..~.......~.#..~................
....~........#........~.........~.~#.#.~##......~##~.....##.....#......................~.#~..........~#...~~...~.~.#..#.......#.........#....~..~.....
..#..##......#..#~..........#.........#..#............................###......~..~..#.~#..~.~~................~.#...#.......#~#.....#.#...~........#.
.#.~.............~....~.....#..#.#......#...............~....~#..~.........#........~..#.~...~.~.....#....~#............#.............#..#~~...#.#~...
.......~##......~.....~....~......#.......~.....#............~...................#.........~.....~..........~.....~#..~~.#....~#.~...........~......#.
..#~.............#.#.@..~.........#~..........~..~....#.#....#...........#.~#~..~.~...~#............#...#......#....~...#............#.#..~..........~
.#........##......~...~....~...~....~....~......#.~.#~......#~.#~...............~.#.......#..........~.......~...~~.............#.............#...~.~.
.~#......~............#.~.....#...~...#..............#.......~.......~.......~.~.............~@..#....~...........#..........#....~#.~..#....#.~.~.#~.
.........~....#..~....C.~~.........#....#..................~.....~...~.....#.......@.#...#............~...#.#..##.....#~..~~............~#~..#...~....
