150 50
#..~#......~#....~#.......#..#....#...#...#..#........~~.#......#~~~#.#....#~....~...~.~.....#...#....#~#.~..#.....#~.~#.........~......#.~...~.#...~.
.............~........~~...............................##.....~...............~#..........~.~.....#~...................#..#........#~..~...#.#.....~.#
...........#......~.....~.........#..........#.......#......#.........#....#....#........~..#@..............~...#..~~.....#.................~#.#......
....#.....~.~..~.....~....~.~...........~...#....#........#........~................................~.#.......#.#....~..~..#~.~..#............#~#.....
.#....~.........#.........#.........@#....#.~.........#...............~~~...#....#........~..............~#~.......#~......~~.~......~~.#............~
........~......#.......~.~.~.....~.~.#..#........~#.#.#........~...~..~..#...#.~~.#...#.#.#.......#....~#......#~....#......~......~..~.#..~....#...~.
.~......#.~.......~...##...#.~..#...##...#..#....#...#~~..~..~...#...#........##.........#..#....#......~.......~....#.~.~.....~.......#.#...##.~#..~~
#.#~.....~.#...~..........#.#..~~#.#....#......#.............##.#~.......~#........~.~.~#....~.....#~..~..#...#..~....#...~.............#..#...~...~..
..#..........~.......#....#..#...~..#.~...................#~..#.#..#...#..#.#..#......#......#.............#..............~..#~.......~.~.......~.~...
........~.....#..~.........~........#..~....#.....#.~..#~.~...#~...~...........~.#..~.....~.~.~.........~...#.....~....~~~....~.#~...............~..#.
.#.#~...............~.....~.~....~#...~.........~.....##...........~#...~...~...#............#....~.......~....~.~.....................#....#.~...~.~.
......#.............~##..~.#...~............#..~.....#.......##.#.~.~...~.......#.~.....~..~#.....~.#....#......~.###.#..#.#...............~.#...##..#
.~........#~~..#.##.....~....#.......~.........~....~#~...~~..~......#...~...~.~..~.............#.........~.#....~......~.#........#.....~......#.~...
##.#...#.......~~#.~..~~....#.........~.~......##..#~......#....~.###.......~~#......#......~............~.~..........#..#.#.~~.........~.~~~..#......
.........~..#.#~..~.....~...........~.~....#~......#......~#.......###...~..............~....~.....#~#.............#..#..........................#~...
...................~...~....~~....~#....~..#...~..#...~#....#.....~...#~#.##~##.........~..~.#.....~..#...~..#..............~#..~.....#.....#.........
~.#...........#~..........#..~#.............~..#....#........~..~....##.#......................#..~.........~..~...#....#~~....~.#.......#..~~..~....#
.~.~...~....~.........#......~..~........#....#.......~....#~.........#..#..~......~.##~........~.~#....#.....~..##...#..........~~.~..~..#~...~......
#......#...............#...~#...~..#..~......#.....#....~.........~~..........~...#....~...##.....##........~......~....~.#..#...............#........
......~#...##...#............~~.~..#.....##.........~........~.....#.....#........#.....~~#....~...~...#......#~.~...~..............~.............#...
...~.#....#...~.........#.........#~~..................~......#.~.~...#.~~#....~~~..~..#.~~...#..............~~.......##..##..#...#.......~.~...##....
......~......~......#...~...............#.~......~......#.~.....#..#........#.....#..........~~..#.~~.............##~......~.....~.#...#..#........~..
~...~.#......#.#~#..~......#~.#......#......~......~~#......~..~..#..~#~......##...~..........~~~##.........#..~#.~.....~.#.#.....#...~.~......##.....
..~.~...#..~..#......#....#.#......#.~.#.................#.#..~......~.~~..#.....~...~.#............#..#........@........~.......~.....##....~~.~#.##.
.#.#..~#~..............#..##~..~..........#.........#...~.................~...~...~#....#.~~.#..#...............#...#...#..~.~...~..~....#....#.~.....
#......#.@..~.~...~..#.#..#..~#.....##.......~~~~..~.#..........#.....##..~....#....#.......~..#............~...~~.....~~.~.........~#...#....~...#~..
##...~#.......~...#....#~.~.......#.....#.....~~#..............~......~~....#.##~..~....#..#.....~#.#~~.....~##.~.......#~~#.....#....#....~...#.....#
#.~..~...#~..................#........~...............#~.....#........#.~.#.~....~~..~..~#..~.......~..#....#.......#............#...#....#........#.#
#........#................~#...~.~.~.~...........~.~...#........#.~#.........~......#.............~..~.......#~.~.~..~......~..#...#~.~.~.....##......
#..#.....~.....~@......#...........~..##.......~.....~........##......~...~~..#...~.........................#~.....~...~.#~#.....#.....~.......~#....~
......~..~......##...#~#.........#.~..~......~...~.#..........~~........~....##.#....~.......#.~..~.........~.....#...........##....~#...#.........##.
.......#...#.....~....~~#~.....~#......#.....#~..#....~~......#..............~.....~~.~...~.#...........#...~......#....#...................~..~......
~.~..~....#........~......~~...~.....~...~#~#..#.##..........~.....~.~...##.#...........#~..#.~...#.......~..#................#.....#........~...~....
..#~#.#........~~.#......~..........~..~.~#...~.....#.#....~.#.##.#.#.............#..#............~..~.~.@..............#.~....#........~..........~..
.~............#...#...#..~......###.....~.......~....~..~..........~........~....~......#.....~........~...#...#..~..#..#...#..#.....##........#......
........#....~...............~....#...................~......#~....~.......#~.~..........~.~............#.....~.~......~...#...#.~..~...~.........#...
.~.#.#.~..~#...~...........~.....#.#.....~......#...~..~....~......#..#.......~....~........~....~~....#.......~#~....~......#....~.#..#.......#......
....~#...#.~.#..#..~..........~..~..~#......~.....#..........~.......#....~....~.....~......#.....#.#...~#....#~.~.~#..........~.#.~#....~...#........
.#~~.#.....................#............##.#.#.~.......#......~...~...#.....~..~...#.#.~.#.....~....#...#.~......~.~~.~.....~.....#.~.#...............
.....##........~.#.~#......#...#..#......~...~.#....~#..~...~...~....~~.##~......~..~....~#..~.........#..#...~....~.....#.#.#...................~....
~#.##..#.......#..........#.#....##....................#......~....#.....~~.~...~.......~.#....~.....~.......~.......~......@.....~...~~..~..~....#~~.
...##...~...~........#....~......~..................#.....#.#..#.#......#.......#....~.....~..........~.##....~.........~~..~.......~.#..~............
........~........#........~.........~.~#.#.~##......~##~.....##.....#......................~.#~.@........~#...~~...~.~.#..#.......#.........#....~..~.
......#..##......#..#~..........#.........#..#............................###......~..~..#.~#..~.~~................~.#...#.......#~#.....#.#...~......
..#..#.~.............~....~.....#..#.#......#...............~....~#..~.........#........~..#.~...~.~.....#....~#............#.............#..#~~...#.#
~..........~##......~.....~....~......#.......~.....#............~...................#.........~.....~..........~.....~#..~~.#....~#.~...........~....
..#...#~.............@#.#...~.........#~..........~..~....#.#....#...........#.~#~..~.~...~#............#...#......#....~...#............#.#..~.......
...~.#........##......~...~....~...~....~....~......#.~.#~......#~.#~...............~.#.......#..........~.......~...~~.............#.............#...
~.~..~#......~............#.~.....#...~...#..............#.......~.......~.......~.~.............~..#....~...........#..........#....~#.~..#....#.~.~.
#~..........~....#..~.C....~~.........#....#..................~.....~...~.....#....@....#...#............~...#.#..##.....#~..~~............~#~..#...~.
